"returnCode":"0000","returnMessage":"成功"
"returnCode":"0000","returnMessage":"成功"